================================================================================
Configuration:
================================================================================
dataset:
  dataset_dir: /mnt/dv/wid/projects3/Rogers-nsf-ind-diff/zihan/brain2text/nejm-brain-to-text/data/hdf5_data_final
  sessions_train:
  - t15.2023.08.11
  - t15.2023.08.13
  - t15.2023.08.18
  - t15.2023.08.20
  - t15.2023.08.25
  - t15.2023.08.27
  - t15.2023.09.01
  - t15.2023.09.03
  - t15.2023.09.24
  - t15.2023.09.29
  - t15.2023.10.01
  - t15.2023.10.06
  - t15.2023.10.08
  - t15.2023.10.13
  - t15.2023.10.15
  - t15.2023.10.20
  - t15.2023.10.22
  - t15.2023.11.03
  - t15.2023.11.04
  - t15.2023.11.17
  - t15.2023.11.19
  - t15.2023.11.26
  sessions_val:
  - t15.2023.08.13
  - t15.2023.09.03
  - t15.2023.10.13
  - t15.2023.11.17
  exclude_sessions: []
  auto_discover: false
model:
  n_units: 768
  n_layers: 5
  rnn_dropout: 0.4
  input_dropout: 0.2
  patch_size: 14
  patch_stride: 4
training:
  batch_size: 64
  days_per_batch: 4
  n_train_batches: 2000
  val_every: 200
optimizer:
  lr: 0.005
  lr_min: 0.0001
  lr_day: 0.005
  weight_decay: 0.001
  weight_decay_day: 0.0
  grad_clip: 10.0
augmentation:
  white_noise_std: 1.0
  constant_offset_std: 0.2
  random_walk_std: 0.0
  static_gain_std: 0.0
  random_cut: 3
  smooth_data: true
  smooth_kernel_std: 2
system:
  output_dir: ./outputs
  amp: true
  use_compile: false
  seed: 42
  gpu: 0

================================================================================
2025-10-26 13:14:49,247: Using device: cuda:0 (NVIDIA RTX A5000)
2025-10-26 13:14:49,382: Random seed: 42
2025-10-26 13:14:49,511: Training sessions: ['t15.2023.08.11', 't15.2023.08.13', 't15.2023.08.18']...
2025-10-26 13:14:49,511: Validation sessions: ['t15.2023.08.13', 't15.2023.09.03', 't15.2023.10.13']...
2025-10-26 13:14:49,708: Training: 4255 trials across 22 days
2025-10-26 13:14:49,708: Validation: 138 trials across 4 days
2025-10-26 13:14:49,708: Neural dim: 512, Classes: 41
2025-10-26 13:14:50,354: Model parameters: 38,274,089 total, 5,778,432 day-specific (15.1%)
2025-10-26 13:15:30,709: Optimizer groups: bias=33, day=22, other=12
2025-10-26 13:15:30,710: ================================================================================
2025-10-26 13:15:30,710: Starting training
2025-10-26 13:15:30,710: ================================================================================
2025-10-26 13:16:19,883: Train [100/2000] loss: 92.8509 grad_norm: 283.34
2025-10-26 13:17:08,505: Train [200/2000] loss: 93.6070 grad_norm: 144.73
2025-10-26 13:17:09,869: Val [200] PER: 0.7810 loss: 90.4316
2025-10-26 13:17:09,870:   t15.2023.08.13: PER=0.7620
2025-10-26 13:17:09,870:   t15.2023.09.03: PER=0.7886
2025-10-26 13:17:09,870:   t15.2023.10.13: PER=0.8169
2025-10-26 13:17:09,870:   t15.2023.11.17: PER=0.7278
2025-10-26 13:17:09,870: New best PER: inf -> 0.7810
2025-10-26 13:17:11,502: Saved checkpoint: ./outputs/best.pt
2025-10-26 13:17:59,040: Train [300/2000] loss: 88.7368 grad_norm: 477.28
2025-10-26 13:18:48,679: Train [400/2000] loss: 77.9793 grad_norm: 68.98
2025-10-26 13:18:49,516: Val [400] PER: 0.9275 loss: 100.8629
2025-10-26 13:18:49,517:   t15.2023.08.13: PER=0.9231
2025-10-26 13:18:49,517:   t15.2023.09.03: PER=0.9276
2025-10-26 13:18:49,517:   t15.2023.10.13: PER=0.9247
2025-10-26 13:18:49,517:   t15.2023.11.17: PER=0.9393
2025-10-26 13:19:38,102: Train [500/2000] loss: 97.5386 grad_norm: 216.87
2025-10-26 13:20:27,417: Train [600/2000] loss: 100.7487 grad_norm: 193.35
2025-10-26 13:20:28,250: Val [600] PER: 0.9259 loss: 103.8002
2025-10-26 13:20:28,250:   t15.2023.08.13: PER=0.9127
2025-10-26 13:20:28,250:   t15.2023.09.03: PER=0.9192
2025-10-26 13:20:28,250:   t15.2023.10.13: PER=0.9426
2025-10-26 13:20:28,250:   t15.2023.11.17: PER=0.9207
2025-10-26 13:21:17,338: Train [700/2000] loss: 86.7662 grad_norm: 90.34
2025-10-26 13:22:07,052: Train [800/2000] loss: 83.6986 grad_norm: 23.81
2025-10-26 13:22:07,882: Val [800] PER: 0.9467 loss: 97.5197
2025-10-26 13:22:07,882:   t15.2023.08.13: PER=0.9491
2025-10-26 13:22:07,882:   t15.2023.09.03: PER=0.9430
2025-10-26 13:22:07,882:   t15.2023.10.13: PER=0.9511
2025-10-26 13:22:07,882:   t15.2023.11.17: PER=0.9393
2025-10-26 13:22:56,161: Train [900/2000] loss: 89.0982 grad_norm: 50.56
2025-10-26 13:23:44,425: Train [1000/2000] loss: 85.1329 grad_norm: 122.66
2025-10-26 13:23:45,255: Val [1000] PER: 0.9467 loss: 98.6583
2025-10-26 13:23:45,255:   t15.2023.08.13: PER=0.9491
2025-10-26 13:23:45,255:   t15.2023.09.03: PER=0.9430
2025-10-26 13:23:45,255:   t15.2023.10.13: PER=0.9511
2025-10-26 13:23:45,255:   t15.2023.11.17: PER=0.9393
2025-10-26 13:24:33,801: Train [1100/2000] loss: 97.8273 grad_norm: 154.78
2025-10-26 13:25:21,776: Train [1200/2000] loss: 86.2111 grad_norm: 40.77
2025-10-26 13:25:22,608: Val [1200] PER: 0.9467 loss: 94.3424
2025-10-26 13:25:22,609:   t15.2023.08.13: PER=0.9491
2025-10-26 13:25:22,609:   t15.2023.09.03: PER=0.9430
2025-10-26 13:25:22,609:   t15.2023.10.13: PER=0.9511
2025-10-26 13:25:22,609:   t15.2023.11.17: PER=0.9393
2025-10-26 13:26:11,355: Train [1300/2000] loss: 96.8766 grad_norm: 54.82
2025-10-26 13:27:01,347: Train [1400/2000] loss: 89.0636 grad_norm: 80.03
2025-10-26 13:27:02,188: Val [1400] PER: 0.9467 loss: 96.3441
2025-10-26 13:27:02,189:   t15.2023.08.13: PER=0.9491
2025-10-26 13:27:02,189:   t15.2023.09.03: PER=0.9430
2025-10-26 13:27:02,189:   t15.2023.10.13: PER=0.9511
2025-10-26 13:27:02,189:   t15.2023.11.17: PER=0.9393
2025-10-26 13:27:51,460: Train [1500/2000] loss: 95.5466 grad_norm: 119.79
2025-10-26 13:28:40,393: Train [1600/2000] loss: 86.8152 grad_norm: 69.95
2025-10-26 13:28:41,223: Val [1600] PER: 0.9467 loss: 95.7556
2025-10-26 13:28:41,223:   t15.2023.08.13: PER=0.9491
2025-10-26 13:28:41,223:   t15.2023.09.03: PER=0.9430
2025-10-26 13:28:41,223:   t15.2023.10.13: PER=0.9511
2025-10-26 13:28:41,223:   t15.2023.11.17: PER=0.9393
2025-10-26 13:29:29,510: Train [1700/2000] loss: 84.3363 grad_norm: 109.89
2025-10-26 13:30:17,771: Train [1800/2000] loss: 96.6252 grad_norm: 55.50
2025-10-26 13:30:18,603: Val [1800] PER: 0.9467 loss: 98.7782
2025-10-26 13:30:18,603:   t15.2023.08.13: PER=0.9491
2025-10-26 13:30:18,603:   t15.2023.09.03: PER=0.9430
2025-10-26 13:30:18,603:   t15.2023.10.13: PER=0.9511
2025-10-26 13:30:18,603:   t15.2023.11.17: PER=0.9393
2025-10-26 13:31:07,902: Train [1900/2000] loss: 87.5551 grad_norm: 63.84
2025-10-26 13:31:57,284: Train [2000/2000] loss: 88.9601 grad_norm: 81.02
2025-10-26 13:31:58,135: Val [2000] PER: 0.9457 loss: 94.7555
2025-10-26 13:31:58,136:   t15.2023.08.13: PER=0.9491
2025-10-26 13:31:58,136:   t15.2023.09.03: PER=0.9430
2025-10-26 13:31:58,136:   t15.2023.10.13: PER=0.9511
2025-10-26 13:31:58,136:   t15.2023.11.17: PER=0.9331
2025-10-26 13:31:58,136: ================================================================================
2025-10-26 13:31:58,136: Training complete in 16.5 minutes
2025-10-26 13:31:58,136: Best PER: 0.7810
2025-10-26 13:31:58,136: ================================================================================
================================================================================
Configuration:
================================================================================
dataset:
  dataset_dir: /mnt/dv/wid/projects3/Rogers-nsf-ind-diff/zihan/brain2text/nejm-brain-to-text/data/hdf5_data_final
  sessions_train:
  - t15.2023.08.11
  - t15.2023.08.13
  - t15.2023.08.18
  - t15.2023.08.20
  - t15.2023.08.25
  - t15.2023.08.27
  - t15.2023.09.01
  - t15.2023.09.03
  - t15.2023.09.24
  - t15.2023.09.29
  - t15.2023.10.01
  - t15.2023.10.06
  - t15.2023.10.08
  - t15.2023.10.13
  - t15.2023.10.15
  - t15.2023.10.20
  - t15.2023.10.22
  - t15.2023.11.03
  - t15.2023.11.04
  - t15.2023.11.17
  - t15.2023.11.19
  - t15.2023.11.26
  sessions_val:
  - t15.2023.08.13
  - t15.2023.09.03
  - t15.2023.10.13
  - t15.2023.11.17
  exclude_sessions: []
  auto_discover: false
model:
  n_units: 768
  n_layers: 5
  rnn_dropout: 0.2
  input_dropout: 0.1
  patch_size: 14
  patch_stride: 4
training:
  batch_size: 16
  days_per_batch: 2
  n_train_batches: 2000
  val_every: 200
optimizer:
  lr: 0.005
  lr_min: 0.0001
  lr_day: 0.005
  weight_decay: 0.001
  weight_decay_day: 0.0
  grad_clip: 10.0
augmentation:
  white_noise_std: 1.0
  constant_offset_std: 0.2
  random_walk_std: 0.0
  static_gain_std: 0.0
  random_cut: 3
  smooth_data: true
  smooth_kernel_std: 2
system:
  output_dir: ./outputs
  amp: true
  use_compile: false
  seed: 42
  gpu: 0

================================================================================
2025-10-26 13:32:44,147: Using device: cuda:0 (NVIDIA RTX A5000)
2025-10-26 13:32:44,148: Random seed: 42
2025-10-26 13:32:44,148: Training sessions: ['t15.2023.08.11', 't15.2023.08.13', 't15.2023.08.18']...
2025-10-26 13:32:44,148: Validation sessions: ['t15.2023.08.13', 't15.2023.09.03', 't15.2023.10.13']...
2025-10-26 13:32:44,709: Training: 4255 trials across 22 days
2025-10-26 13:32:44,709: Validation: 138 trials across 4 days
2025-10-26 13:32:44,709: Neural dim: 512, Classes: 41
2025-10-26 13:32:45,327: Model parameters: 38,274,089 total, 5,778,432 day-specific (15.1%)
2025-10-26 13:32:46,307: Optimizer groups: bias=33, day=22, other=12
2025-10-26 13:32:46,307: ================================================================================
2025-10-26 13:32:46,307: Starting training
2025-10-26 13:32:46,307: ================================================================================
2025-10-26 13:33:00,171: Train [100/2000] loss: 112.3197 grad_norm: 190.38
2025-10-26 13:33:13,778: Train [200/2000] loss: 112.5125 grad_norm: 223.36
2025-10-26 13:33:14,839: Val [200] PER: 0.9475 loss: 123.6776
2025-10-26 13:33:14,840:   t15.2023.08.13: PER=0.9522
2025-10-26 13:33:14,840:   t15.2023.09.03: PER=0.9430
2025-10-26 13:33:14,840:   t15.2023.10.13: PER=0.9511
2025-10-26 13:33:14,840:   t15.2023.11.17: PER=0.9393
2025-10-26 13:33:14,840: New best PER: inf -> 0.9475
2025-10-26 13:33:16,193: Saved checkpoint: ./outputs/best.pt
2025-10-26 13:33:30,142: Train [300/2000] loss: 63.9646 grad_norm: 27.26
2025-10-26 13:33:43,452: Train [400/2000] loss: 96.5507 grad_norm: 34.50
2025-10-26 13:33:44,392: Val [400] PER: 0.9433 loss: 96.9012
2025-10-26 13:33:44,392:   t15.2023.08.13: PER=0.9356
2025-10-26 13:33:44,392:   t15.2023.09.03: PER=0.9430
2025-10-26 13:33:44,392:   t15.2023.10.13: PER=0.9511
2025-10-26 13:33:44,392:   t15.2023.11.17: PER=0.9393
2025-10-26 13:33:44,392: New best PER: 0.9475 -> 0.9433
2025-10-26 13:33:45,925: Saved checkpoint: ./outputs/best.pt
2025-10-26 13:33:59,610: Train [500/2000] loss: 83.9409 grad_norm: 67.74
2025-10-26 13:34:14,800: Train [600/2000] loss: 92.0785 grad_norm: 104.83
2025-10-26 13:34:15,715: Val [600] PER: 0.9467 loss: 100.5173
2025-10-26 13:34:15,715:   t15.2023.08.13: PER=0.9491
2025-10-26 13:34:15,715:   t15.2023.09.03: PER=0.9430
2025-10-26 13:34:15,715:   t15.2023.10.13: PER=0.9511
2025-10-26 13:34:15,715:   t15.2023.11.17: PER=0.9393
2025-10-26 13:34:29,377: Train [700/2000] loss: 81.9064 grad_norm: 163.90
2025-10-26 13:34:42,642: Train [800/2000] loss: 98.6207 grad_norm: 287.50
2025-10-26 13:34:43,567: Val [800] PER: 0.9459 loss: 101.2743
2025-10-26 13:34:43,567:   t15.2023.08.13: PER=0.9449
2025-10-26 13:34:43,567:   t15.2023.09.03: PER=0.9382
2025-10-26 13:34:43,567:   t15.2023.10.13: PER=0.9573
2025-10-26 13:34:43,567:   t15.2023.11.17: PER=0.9347
2025-10-26 13:34:56,966: Train [900/2000] loss: 94.4874 grad_norm: 105.59
2025-10-26 13:35:10,616: Train [1000/2000] loss: 97.6902 grad_norm: 174.53
2025-10-26 13:35:12,304: Val [1000] PER: 0.9400 loss: 98.2958
2025-10-26 13:35:12,304:   t15.2023.08.13: PER=0.9231
2025-10-26 13:35:12,304:   t15.2023.09.03: PER=0.9430
2025-10-26 13:35:12,304:   t15.2023.10.13: PER=0.9511
2025-10-26 13:35:12,304:   t15.2023.11.17: PER=0.9393
2025-10-26 13:35:12,304: New best PER: 0.9433 -> 0.9400
2025-10-26 13:35:13,771: Saved checkpoint: ./outputs/best.pt
2025-10-26 13:35:27,011: Train [1100/2000] loss: 98.0600 grad_norm: 67.24
2025-10-26 13:35:40,433: Train [1200/2000] loss: 69.4740 grad_norm: 33.11
2025-10-26 13:35:41,351: Val [1200] PER: 0.9467 loss: 100.1722
2025-10-26 13:35:41,351:   t15.2023.08.13: PER=0.9491
2025-10-26 13:35:41,352:   t15.2023.09.03: PER=0.9430
2025-10-26 13:35:41,352:   t15.2023.10.13: PER=0.9511
2025-10-26 13:35:41,352:   t15.2023.11.17: PER=0.9393
2025-10-26 13:35:54,621: Train [1300/2000] loss: 83.2073 grad_norm: 43.16
2025-10-26 13:36:07,867: Train [1400/2000] loss: 75.7008 grad_norm: 29.98
2025-10-26 13:36:08,780: Val [1400] PER: 0.9467 loss: 101.7319
2025-10-26 13:36:08,780:   t15.2023.08.13: PER=0.9491
2025-10-26 13:36:08,780:   t15.2023.09.03: PER=0.9430
2025-10-26 13:36:08,780:   t15.2023.10.13: PER=0.9511
2025-10-26 13:36:08,780:   t15.2023.11.17: PER=0.9393
2025-10-26 13:36:26,159: Train [1500/2000] loss: 82.5295 grad_norm: 68.41
2025-10-26 13:36:45,797: Train [1600/2000] loss: 99.4830 grad_norm: 134.66
2025-10-26 13:36:46,709: Val [1600] PER: 0.9467 loss: 98.7031
2025-10-26 13:36:46,709:   t15.2023.08.13: PER=0.9491
2025-10-26 13:36:46,709:   t15.2023.09.03: PER=0.9430
2025-10-26 13:36:46,710:   t15.2023.10.13: PER=0.9511
2025-10-26 13:36:46,710:   t15.2023.11.17: PER=0.9393
2025-10-26 13:37:00,663: Train [1700/2000] loss: 79.0654 grad_norm: 33.06
2025-10-26 13:37:13,696: Train [1800/2000] loss: 103.3445 grad_norm: 70.72
2025-10-26 13:37:14,595: Val [1800] PER: 0.9194 loss: 97.6712
2025-10-26 13:37:14,595:   t15.2023.08.13: PER=0.9231
2025-10-26 13:37:14,595:   t15.2023.09.03: PER=0.9145
2025-10-26 13:37:14,595:   t15.2023.10.13: PER=0.9216
2025-10-26 13:37:14,595:   t15.2023.11.17: PER=0.9160
2025-10-26 13:37:14,595: New best PER: 0.9400 -> 0.9194
2025-10-26 13:37:16,064: Saved checkpoint: ./outputs/best.pt
2025-10-26 13:37:29,757: Train [1900/2000] loss: 130.3853 grad_norm: 1030.25
2025-10-26 13:37:43,349: Train [2000/2000] loss: 88.9261 grad_norm: 49.74
2025-10-26 13:37:44,317: Val [2000] PER: 0.9344 loss: 96.1277
2025-10-26 13:37:44,317:   t15.2023.08.13: PER=0.9356
2025-10-26 13:37:44,317:   t15.2023.09.03: PER=0.9335
2025-10-26 13:37:44,317:   t15.2023.10.13: PER=0.9364
2025-10-26 13:37:44,317:   t15.2023.11.17: PER=0.9300
2025-10-26 13:37:44,317: ================================================================================
2025-10-26 13:37:44,317: Training complete in 5.0 minutes
2025-10-26 13:37:44,317: Best PER: 0.9194
2025-10-26 13:37:44,317: ================================================================================
================================================================================
Configuration:
================================================================================
dataset:
  dataset_dir: /mnt/dv/wid/projects3/Rogers-nsf-ind-diff/zihan/brain2text/nejm-brain-to-text/data/hdf5_data_final
  sessions_train:
  - t15.2023.08.11
  - t15.2023.08.13
  - t15.2023.08.18
  - t15.2023.08.20
  - t15.2023.08.25
  - t15.2023.08.27
  - t15.2023.09.01
  - t15.2023.09.03
  - t15.2023.09.24
  - t15.2023.09.29
  - t15.2023.10.01
  - t15.2023.10.06
  - t15.2023.10.08
  - t15.2023.10.13
  - t15.2023.10.15
  - t15.2023.10.20
  - t15.2023.10.22
  - t15.2023.11.03
  - t15.2023.11.04
  - t15.2023.11.17
  - t15.2023.11.19
  - t15.2023.11.26
  sessions_val:
  - t15.2023.08.13
  - t15.2023.09.03
  - t15.2023.10.13
  - t15.2023.11.17
  exclude_sessions: []
  auto_discover: false
model:
  n_units: 768
  n_layers: 5
  rnn_dropout: 0.4
  input_dropout: 0.2
  patch_size: 14
  patch_stride: 4
training:
  batch_size: 64
  days_per_batch: 4
  n_train_batches: 20000
  val_every: 500
optimizer:
  lr: 0.005
  lr_min: 0.0001
  lr_day: 0.005
  weight_decay: 0.001
  weight_decay_day: 0.0
  grad_clip: 10.0
augmentation:
  white_noise_std: 1.0
  constant_offset_std: 0.2
  random_walk_std: 0.0
  static_gain_std: 0.0
  random_cut: 3
  smooth_data: true
  smooth_kernel_std: 2
system:
  output_dir: ./outputs
  amp: true
  use_compile: false
  seed: 42
  gpu: 0

================================================================================
2025-10-26 13:42:39,678: Using device: cuda:0 (NVIDIA RTX A5000)
2025-10-26 13:42:39,679: Random seed: 42
2025-10-26 13:42:39,679: Training sessions: ['t15.2023.08.11', 't15.2023.08.13', 't15.2023.08.18']...
2025-10-26 13:42:39,679: Validation sessions: ['t15.2023.08.13', 't15.2023.09.03', 't15.2023.10.13']...
2025-10-26 13:42:41,267: Training: 4255 trials across 22 days
2025-10-26 13:42:41,267: Validation: 138 trials across 4 days
2025-10-26 13:42:41,267: Neural dim: 512, Classes: 41
2025-10-26 13:42:41,890: Model parameters: 38,274,089 total, 5,778,432 day-specific (15.1%)
2025-10-26 13:42:42,566: Optimizer groups: bias=33, day=22, other=12
2025-10-26 13:42:42,566: ================================================================================
2025-10-26 13:42:42,566: Starting training
2025-10-26 13:42:42,566: ================================================================================
2025-10-26 13:43:31,420: Train [100/20000] loss: 104.8384 grad_norm: 100.95
2025-10-26 13:44:19,340: Train [200/20000] loss: 91.0447 grad_norm: 299.24
2025-10-26 13:45:06,721: Train [300/20000] loss: 85.4969 grad_norm: 47.68
2025-10-26 13:45:54,222: Train [400/20000] loss: 85.2686 grad_norm: 96.56
2025-10-26 13:46:42,491: Train [500/20000] loss: 86.8150 grad_norm: 110.08
2025-10-26 13:46:43,681: Val [500] PER: 0.7409 loss: 87.5890
2025-10-26 13:46:43,681:   t15.2023.08.13: PER=0.7245
2025-10-26 13:46:43,681:   t15.2023.09.03: PER=0.7399
2025-10-26 13:46:43,681:   t15.2023.10.13: PER=0.7680
2025-10-26 13:46:43,681:   t15.2023.11.17: PER=0.7123
2025-10-26 13:46:43,681: New best PER: inf -> 0.7409
2025-10-26 13:46:45,252: Saved checkpoint: ./outputs/best.pt
2025-10-26 13:47:33,397: Train [600/20000] loss: 81.8371 grad_norm: 67.71
2025-10-26 13:48:20,596: Train [700/20000] loss: 88.3731 grad_norm: 44.96
2025-10-26 13:49:08,376: Train [800/20000] loss: 89.5282 grad_norm: 80.36
2025-10-26 13:49:57,800: Train [900/20000] loss: 80.4934 grad_norm: 138.56
2025-10-26 13:50:46,242: Train [1000/20000] loss: 79.6354 grad_norm: 66.72
2025-10-26 13:50:47,120: Val [1000] PER: 0.7749 loss: 86.1061
2025-10-26 13:50:47,121:   t15.2023.08.13: PER=0.7796
2025-10-26 13:50:47,121:   t15.2023.09.03: PER=0.7791
2025-10-26 13:50:47,121:   t15.2023.10.13: PER=0.7967
2025-10-26 13:50:47,121:   t15.2023.11.17: PER=0.7185
2025-10-26 13:51:35,197: Train [1100/20000] loss: 83.9759 grad_norm: 76.35
2025-10-26 13:52:25,348: Train [1200/20000] loss: 88.8889 grad_norm: 64.40
2025-10-26 13:53:13,516: Train [1300/20000] loss: 87.5055 grad_norm: 144.13
2025-10-26 13:54:58,184: Train [1400/20000] loss: 86.1797 grad_norm: 52.08
2025-10-26 13:55:49,520: Train [1500/20000] loss: 92.0682 grad_norm: 57.14
2025-10-26 13:55:52,478: Val [1500] PER: 0.7757 loss: 87.7962
2025-10-26 13:55:52,478:   t15.2023.08.13: PER=0.7963
2025-10-26 13:55:52,478:   t15.2023.09.03: PER=0.7684
2025-10-26 13:55:52,478:   t15.2023.10.13: PER=0.7975
2025-10-26 13:55:52,478:   t15.2023.11.17: PER=0.7107
2025-10-26 13:56:40,456: Train [1600/20000] loss: 69.9601 grad_norm: 97.11
2025-10-26 13:57:28,452: Train [1700/20000] loss: 81.8980 grad_norm: 64.18
2025-10-26 13:58:18,070: Train [1800/20000] loss: 78.1763 grad_norm: 56.63
2025-10-26 13:59:05,804: Train [1900/20000] loss: 79.1904 grad_norm: 95.54
2025-10-26 13:59:54,553: Train [2000/20000] loss: 81.5845 grad_norm: 286.93
2025-10-26 13:59:55,398: Val [2000] PER: 0.7885 loss: 89.1571
2025-10-26 13:59:55,399:   t15.2023.08.13: PER=0.7983
2025-10-26 13:59:55,399:   t15.2023.09.03: PER=0.7708
2025-10-26 13:59:55,399:   t15.2023.10.13: PER=0.8130
2025-10-26 13:59:55,399:   t15.2023.11.17: PER=0.7481
2025-10-26 14:00:44,100: Train [2100/20000] loss: 74.9818 grad_norm: 60.73
2025-10-26 14:01:32,874: Train [2200/20000] loss: 85.0642 grad_norm: 220.27
2025-10-26 14:02:21,868: Train [2300/20000] loss: 93.5382 grad_norm: 101.91
2025-10-26 14:03:10,357: Train [2400/20000] loss: 86.3419 grad_norm: 102.39
2025-10-26 14:03:59,025: Train [2500/20000] loss: 84.2851 grad_norm: 125.05
2025-10-26 14:03:59,864: Val [2500] PER: 0.8223 loss: 88.7908
2025-10-26 14:03:59,864:   t15.2023.08.13: PER=0.8732
2025-10-26 14:03:59,864:   t15.2023.09.03: PER=0.7779
2025-10-26 14:03:59,864:   t15.2023.10.13: PER=0.8565
2025-10-26 14:03:59,864:   t15.2023.11.17: PER=0.7356
2025-10-26 14:04:48,261: Train [2600/20000] loss: 73.4362 grad_norm: 169.85
2025-10-26 14:05:37,319: Train [2700/20000] loss: 79.0768 grad_norm: 207.65
2025-10-26 14:06:24,989: Train [2800/20000] loss: 78.3105 grad_norm: 111.23
2025-10-26 14:07:15,094: Train [2900/20000] loss: 79.0337 grad_norm: 190.27
2025-10-26 14:08:03,409: Train [3000/20000] loss: 80.0141 grad_norm: 831.30
2025-10-26 14:08:04,246: Val [3000] PER: 0.7776 loss: 86.4144
2025-10-26 14:08:04,246:   t15.2023.08.13: PER=0.7869
2025-10-26 14:08:04,246:   t15.2023.09.03: PER=0.7720
2025-10-26 14:08:04,246:   t15.2023.10.13: PER=0.8053
2025-10-26 14:08:04,246:   t15.2023.11.17: PER=0.7154
2025-10-26 14:08:51,944: Train [3100/20000] loss: 66.1594 grad_norm: 258.85
2025-10-26 14:09:39,509: Train [3200/20000] loss: 73.7927 grad_norm: 379.21
2025-10-26 14:10:28,452: Train [3300/20000] loss: 79.0233 grad_norm: 26789.25
2025-10-26 14:11:15,878: Train [3400/20000] loss: 77.8215 grad_norm: 799.81
2025-10-26 14:12:03,811: Train [3500/20000] loss: 80.2780 grad_norm: 26389.15
2025-10-26 14:12:04,651: Val [3500] PER: 0.7682 loss: 84.5773
2025-10-26 14:12:04,651:   t15.2023.08.13: PER=0.7630
2025-10-26 14:12:04,651:   t15.2023.09.03: PER=0.7708
2025-10-26 14:12:04,651:   t15.2023.10.13: PER=0.7998
2025-10-26 14:12:04,651:   t15.2023.11.17: PER=0.7092
2025-10-26 14:12:52,944: Train [3600/20000] loss: 82.3187 grad_norm: 4629.60
2025-10-26 14:13:41,512: Train [3700/20000] loss: 73.9376 grad_norm: 1778.03
2025-10-26 14:14:30,551: Train [3800/20000] loss: 66.2983 grad_norm: 209895.84
2025-10-26 14:15:20,303: Train [3900/20000] loss: 73.7616 grad_norm: 756.15
2025-10-26 14:16:08,500: Train [4000/20000] loss: 79.4483 grad_norm: 7255.25
2025-10-26 14:16:09,341: Val [4000] PER: 0.7738 loss: 84.8587
2025-10-26 14:16:09,341:   t15.2023.08.13: PER=0.7952
2025-10-26 14:16:09,341:   t15.2023.09.03: PER=0.7387
2025-10-26 14:16:09,341:   t15.2023.10.13: PER=0.7967
2025-10-26 14:16:09,341:   t15.2023.11.17: PER=0.7418
2025-10-26 14:16:58,592: Train [4100/20000] loss: 78.6827 grad_norm: 30823.78
2025-10-26 14:17:47,650: Train [4200/20000] loss: 71.4101 grad_norm: 1612.86
Traceback (most recent call last):
  File "/mnt/dv/wid/projects3/Rogers-nsf-ind-diff/zihan/BuckyBrain_Brain2Text_MLM25/scripts/train_neural_decoder.py", line 127, in <module>
    main()
  File "/mnt/dv/wid/projects3/Rogers-nsf-ind-diff/zihan/BuckyBrain_Brain2Text_MLM25/scripts/train_neural_decoder.py", line 123, in main
    trainer.train()
  File "/mnt/dv/wid/projects3/Rogers-nsf-ind-diff/zihan/BuckyBrain_Brain2Text_MLM25/nn_model/trainer.py", line 417, in train
    grad_norm = torch.nn.utils.clip_grad_norm_(
  File "/mnt/dv/wid/projects3/Rogers-nsf-ind-diff/zihan/brain2text/b2txt25/lib/python3.10/site-packages/torch/nn/utils/clip_grad.py", line 43, in _no_grad_wrapper
    return func(*args, **kwargs)
  File "/mnt/dv/wid/projects3/Rogers-nsf-ind-diff/zihan/brain2text/b2txt25/lib/python3.10/site-packages/torch/nn/utils/clip_grad.py", line 231, in clip_grad_norm_
    total_norm = _get_total_norm(grads, norm_type, error_if_nonfinite, foreach)
  File "/mnt/dv/wid/projects3/Rogers-nsf-ind-diff/zihan/brain2text/b2txt25/lib/python3.10/site-packages/torch/nn/utils/clip_grad.py", line 43, in _no_grad_wrapper
    return func(*args, **kwargs)
  File "/mnt/dv/wid/projects3/Rogers-nsf-ind-diff/zihan/brain2text/b2txt25/lib/python3.10/site-packages/torch/nn/utils/clip_grad.py", line 111, in _get_total_norm
    raise RuntimeError(
RuntimeError: The total norm of order 2.0 for gradients from `parameters` is non-finite, so it cannot be clipped. To disable this error and scale the gradients by the non-finite norm anyway, set `error_if_nonfinite=False`
================================================================================
Configuration:
================================================================================
dataset:
  dataset_dir: /mnt/dv/wid/projects3/Rogers-nsf-ind-diff/zihan/brain2text/nejm-brain-to-text/data/hdf5_data_final
  sessions_train:
  - t15.2023.08.11
  - t15.2023.08.13
  - t15.2023.08.18
  - t15.2023.08.20
  - t15.2023.08.25
  - t15.2023.08.27
  - t15.2023.09.01
  - t15.2023.09.03
  - t15.2023.09.24
  - t15.2023.09.29
  - t15.2023.10.01
  - t15.2023.10.06
  - t15.2023.10.08
  - t15.2023.10.13
  - t15.2023.10.15
  - t15.2023.10.20
  - t15.2023.10.22
  - t15.2023.11.03
  - t15.2023.11.04
  - t15.2023.11.17
  - t15.2023.11.19
  - t15.2023.11.26
  sessions_val:
  - t15.2023.08.13
  - t15.2023.09.03
  - t15.2023.10.13
  - t15.2023.11.17
  exclude_sessions: []
  auto_discover: false
model:
  n_units: 768
  n_layers: 5
  rnn_dropout: 0.4
  input_dropout: 0.2
  patch_size: 14
  patch_stride: 4
training:
  batch_size: 64
  days_per_batch: 4
  n_train_batches: 20000
  val_every: 500
optimizer:
  lr: 0.003
  lr_min: 0.0001
  lr_day: 0.002
  weight_decay: 0.001
  weight_decay_day: 0.0
  grad_clip: 10.0
augmentation:
  white_noise_std: 1.0
  constant_offset_std: 0.2
  random_walk_std: 0.0
  static_gain_std: 0.0
  random_cut: 3
  smooth_data: true
  smooth_kernel_std: 2
system:
  output_dir: ./outputs
  amp: true
  use_compile: false
  seed: 42
  gpu: 0

================================================================================
2025-10-26 14:32:25,231: Using device: cuda:0 (NVIDIA RTX A5000)
2025-10-26 14:32:25,322: Random seed: 42
2025-10-26 14:32:25,323: Training sessions: ['t15.2023.08.11', 't15.2023.08.13', 't15.2023.08.18']...
2025-10-26 14:32:25,323: Validation sessions: ['t15.2023.08.13', 't15.2023.09.03', 't15.2023.10.13']...
2025-10-26 14:32:28,174: Training: 4255 trials across 22 days
2025-10-26 14:32:28,174: Validation: 138 trials across 4 days
2025-10-26 14:32:28,174: Neural dim: 512, Classes: 41
2025-10-26 14:32:30,002: Model parameters: 38,274,089 total, 5,778,432 day-specific (15.1%)
2025-10-26 14:33:08,806: Optimizer groups: bias=33, day=22, other=12
2025-10-26 14:33:08,806: ================================================================================
2025-10-26 14:33:08,806: Starting training
2025-10-26 14:33:08,806: ================================================================================
2025-10-26 14:35:27,387: Train [100/20000] loss: 91.1357 grad_norm: 95.22
2025-10-26 14:36:17,283: Train [200/20000] loss: 82.1414 grad_norm: 54.92
2025-10-26 14:37:05,124: Train [300/20000] loss: 86.6176 grad_norm: 106.14
2025-10-26 14:37:52,962: Train [400/20000] loss: 83.9605 grad_norm: 221.16
2025-10-26 14:38:41,140: Train [500/20000] loss: 84.5862 grad_norm: 176.30
2025-10-26 14:38:44,081: Val [500] PER: 0.8563 loss: 88.6884
2025-10-26 14:38:44,082:   t15.2023.08.13: PER=0.8514
2025-10-26 14:38:44,082:   t15.2023.09.03: PER=0.8040
2025-10-26 14:38:44,082:   t15.2023.10.13: PER=0.9674
2025-10-26 14:38:44,082:   t15.2023.11.17: PER=0.7092
2025-10-26 14:38:44,082: New best PER: inf -> 0.8563
2025-10-26 14:38:45,811: Saved checkpoint: ./outputs/best.pt
2025-10-26 14:39:33,304: Train [600/20000] loss: 86.1352 grad_norm: 182.34
2025-10-26 14:40:20,305: Train [700/20000] loss: 87.2571 grad_norm: 634.82
2025-10-26 14:41:07,128: Train [800/20000] loss: 93.1717 grad_norm: 246.88
2025-10-26 14:41:55,693: Train [900/20000] loss: 77.1135 grad_norm: 92.04
2025-10-26 14:42:43,548: Train [1000/20000] loss: 79.2032 grad_norm: 98.69
2025-10-26 14:42:44,379: Val [1000] PER: 0.9288 loss: 88.1378
2025-10-26 14:42:44,379:   t15.2023.08.13: PER=0.9480
2025-10-26 14:42:44,379:   t15.2023.09.03: PER=0.8658
2025-10-26 14:42:44,379:   t15.2023.10.13: PER=0.9558
2025-10-26 14:42:44,379:   t15.2023.11.17: PER=0.9285
2025-10-26 14:43:32,046: Train [1100/20000] loss: 84.9662 grad_norm: 131.39
2025-10-26 14:44:19,862: Train [1200/20000] loss: 85.3901 grad_norm: 63.38
2025-10-26 14:45:07,725: Train [1300/20000] loss: 89.8105 grad_norm: 67.72
2025-10-26 14:45:55,474: Train [1400/20000] loss: 91.1366 grad_norm: 198.80
2025-10-26 14:46:42,585: Train [1500/20000] loss: 96.5173 grad_norm: 139.32
2025-10-26 14:46:43,406: Val [1500] PER: 0.9446 loss: 90.2093
2025-10-26 14:46:43,407:   t15.2023.08.13: PER=0.9491
2025-10-26 14:46:43,407:   t15.2023.09.03: PER=0.9394
2025-10-26 14:46:43,407:   t15.2023.10.13: PER=0.9511
2025-10-26 14:46:43,407:   t15.2023.11.17: PER=0.9316
2025-10-26 14:47:30,607: Train [1600/20000] loss: 74.0378 grad_norm: 44.98
2025-10-26 14:48:17,559: Train [1700/20000] loss: 85.5011 grad_norm: 58.74
2025-10-26 14:49:04,768: Train [1800/20000] loss: 82.5320 grad_norm: 106.93
2025-10-26 14:49:51,986: Train [1900/20000] loss: 81.4530 grad_norm: 83.23
2025-10-26 14:50:39,078: Train [2000/20000] loss: 85.0220 grad_norm: 43.22
2025-10-26 14:50:39,897: Val [2000] PER: 0.9467 loss: 86.9921
2025-10-26 14:50:39,898:   t15.2023.08.13: PER=0.9491
2025-10-26 14:50:39,898:   t15.2023.09.03: PER=0.9430
2025-10-26 14:50:39,898:   t15.2023.10.13: PER=0.9511
2025-10-26 14:50:39,898:   t15.2023.11.17: PER=0.9393
2025-10-26 14:51:27,493: Train [2100/20000] loss: 80.7597 grad_norm: 50.20
2025-10-26 14:52:14,953: Train [2200/20000] loss: 88.2783 grad_norm: 36.80
2025-10-26 14:53:02,559: Train [2300/20000] loss: 94.3079 grad_norm: 85.95
2025-10-26 14:53:49,755: Train [2400/20000] loss: 86.3820 grad_norm: 66.27
2025-10-26 14:54:37,708: Train [2500/20000] loss: 85.2359 grad_norm: 65.15
2025-10-26 14:54:38,528: Val [2500] PER: 0.9467 loss: 87.0049
2025-10-26 14:54:38,528:   t15.2023.08.13: PER=0.9491
2025-10-26 14:54:38,528:   t15.2023.09.03: PER=0.9430
2025-10-26 14:54:38,528:   t15.2023.10.13: PER=0.9511
2025-10-26 14:54:38,528:   t15.2023.11.17: PER=0.9393
2025-10-26 14:55:25,443: Train [2600/20000] loss: 73.0016 grad_norm: 43.47
2025-10-26 14:56:13,670: Train [2700/20000] loss: 80.2418 grad_norm: 49.31
2025-10-26 14:57:00,938: Train [2800/20000] loss: 78.4495 grad_norm: 75.87
2025-10-26 14:57:49,272: Train [2900/20000] loss: 82.5776 grad_norm: 146.51
2025-10-26 14:58:37,362: Train [3000/20000] loss: 83.0799 grad_norm: 54.05
2025-10-26 14:58:38,186: Val [3000] PER: 0.9467 loss: 86.2105
2025-10-26 14:58:38,186:   t15.2023.08.13: PER=0.9491
2025-10-26 14:58:38,186:   t15.2023.09.03: PER=0.9430
2025-10-26 14:58:38,186:   t15.2023.10.13: PER=0.9511
2025-10-26 14:58:38,186:   t15.2023.11.17: PER=0.9393
2025-10-26 14:59:24,834: Train [3100/20000] loss: 69.2893 grad_norm: 31.93
2025-10-26 15:00:12,202: Train [3200/20000] loss: 76.7796 grad_norm: 46.32
2025-10-26 15:00:59,952: Train [3300/20000] loss: 82.1648 grad_norm: 72.24
2025-10-26 15:01:47,234: Train [3400/20000] loss: 81.0366 grad_norm: 36.05
2025-10-26 15:02:34,259: Train [3500/20000] loss: 80.0463 grad_norm: 24.60
2025-10-26 15:02:35,083: Val [3500] PER: 0.9267 loss: 86.5374
2025-10-26 15:02:35,083:   t15.2023.08.13: PER=0.9376
2025-10-26 15:02:35,083:   t15.2023.09.03: PER=0.9264
2025-10-26 15:02:35,083:   t15.2023.10.13: PER=0.9247
2025-10-26 15:02:35,083:   t15.2023.11.17: PER=0.9145
2025-10-26 15:03:24,332: Train [3600/20000] loss: 81.5855 grad_norm: 30.61
2025-10-26 15:04:38,231: Train [3700/20000] loss: 75.9943 grad_norm: 31.88
2025-10-26 15:05:36,239: Train [3800/20000] loss: 68.6021 grad_norm: 34.10
2025-10-26 15:06:45,406: Train [3900/20000] loss: 75.7946 grad_norm: 21.85
2025-10-26 15:07:32,925: Train [4000/20000] loss: 79.1893 grad_norm: 115.39
2025-10-26 15:07:36,094: Val [4000] PER: 0.9285 loss: 85.8278
2025-10-26 15:07:36,094:   t15.2023.08.13: PER=0.9439
2025-10-26 15:07:36,094:   t15.2023.09.03: PER=0.9264
2025-10-26 15:07:36,094:   t15.2023.10.13: PER=0.9255
2025-10-26 15:07:36,094:   t15.2023.11.17: PER=0.9145
2025-10-26 15:08:24,426: Train [4100/20000] loss: 75.7195 grad_norm: 95.92
2025-10-26 15:09:23,627: Train [4200/20000] loss: 70.7483 grad_norm: 47.92
2025-10-26 15:10:47,416: Train [4300/20000] loss: 82.1604 grad_norm: 53.57
2025-10-26 15:11:39,885: Train [4400/20000] loss: 75.5542 grad_norm: 56.04
2025-10-26 15:12:59,321: Train [4500/20000] loss: 78.5257 grad_norm: 80.20
2025-10-26 15:13:01,530: Val [4500] PER: 0.7982 loss: 84.2547
2025-10-26 15:13:01,530:   t15.2023.08.13: PER=0.8181
2025-10-26 15:13:01,531:   t15.2023.09.03: PER=0.7850
2025-10-26 15:13:01,531:   t15.2023.10.13: PER=0.8285
2025-10-26 15:13:01,531:   t15.2023.11.17: PER=0.7247
2025-10-26 15:13:01,531: New best PER: 0.8563 -> 0.7982
2025-10-26 15:13:02,976: Saved checkpoint: ./outputs/best.pt
2025-10-26 15:13:54,245: Train [4600/20000] loss: 67.0649 grad_norm: 57.97
2025-10-26 15:14:41,735: Train [4700/20000] loss: 78.5153 grad_norm: 95.43
2025-10-26 15:15:30,038: Train [4800/20000] loss: 67.9332 grad_norm: 179.61
2025-10-26 15:17:03,872: Train [4900/20000] loss: 69.6605 grad_norm: 195.98
2025-10-26 15:18:37,465: Train [5000/20000] loss: 74.9087 grad_norm: 87.10
2025-10-26 15:18:40,295: Val [5000] PER: 0.7837 loss: 83.0144
2025-10-26 15:18:40,295:   t15.2023.08.13: PER=0.7588
2025-10-26 15:18:40,295:   t15.2023.09.03: PER=0.7850
2025-10-26 15:18:40,295:   t15.2023.10.13: PER=0.8278
2025-10-26 15:18:40,296:   t15.2023.11.17: PER=0.7309
2025-10-26 15:18:40,296: New best PER: 0.7982 -> 0.7837
2025-10-26 15:18:41,737: Saved checkpoint: ./outputs/best.pt
2025-10-26 15:19:38,136: Train [5100/20000] loss: 73.0962 grad_norm: 85.24
2025-10-26 15:20:26,348: Train [5200/20000] loss: 74.8776 grad_norm: 79.21
2025-10-26 15:21:14,410: Train [5300/20000] loss: 75.9700 grad_norm: 110.71
2025-10-26 15:22:40,133: Train [5400/20000] loss: 77.2719 grad_norm: 135.62
2025-10-26 15:24:10,796: Train [5500/20000] loss: 79.1988 grad_norm: 187.86
2025-10-26 15:24:13,982: Val [5500] PER: 0.7832 loss: 82.0138
2025-10-26 15:24:13,983:   t15.2023.08.13: PER=0.7734
2025-10-26 15:24:13,983:   t15.2023.09.03: PER=0.7815
2025-10-26 15:24:13,983:   t15.2023.10.13: PER=0.8169
2025-10-26 15:24:13,983:   t15.2023.11.17: PER=0.7325
2025-10-26 15:24:13,983: New best PER: 0.7837 -> 0.7832
2025-10-26 15:24:15,435: Saved checkpoint: ./outputs/best.pt
2025-10-26 15:25:06,653: Train [5600/20000] loss: 73.3932 grad_norm: 434.16
2025-10-26 15:25:54,665: Train [5700/20000] loss: 66.8866 grad_norm: 95.15
2025-10-26 15:26:42,022: Train [5800/20000] loss: 76.3315 grad_norm: 436.30
2025-10-26 15:27:57,297: Train [5900/20000] loss: 74.5066 grad_norm: 156.28
2025-10-26 15:29:20,745: Train [6000/20000] loss: 73.0468 grad_norm: 227.24
2025-10-26 15:29:23,437: Val [6000] PER: 0.7802 loss: 80.5498
2025-10-26 15:29:23,437:   t15.2023.08.13: PER=0.7723
2025-10-26 15:29:23,437:   t15.2023.09.03: PER=0.7850
2025-10-26 15:29:23,437:   t15.2023.10.13: PER=0.8076
2025-10-26 15:29:23,437:   t15.2023.11.17: PER=0.7309
2025-10-26 15:29:23,437: New best PER: 0.7832 -> 0.7802
2025-10-26 15:29:24,810: Saved checkpoint: ./outputs/best.pt
2025-10-26 15:30:14,061: Train [6100/20000] loss: 67.7304 grad_norm: 153.45
2025-10-26 15:31:01,855: Train [6200/20000] loss: 80.6012 grad_norm: 123.01
2025-10-26 15:31:49,838: Train [6300/20000] loss: 77.3008 grad_norm: 291.71
2025-10-26 15:34:11,174: Train [6400/20000] loss: 64.5717 grad_norm: 335.83
2025-10-26 15:35:00,846: Train [6500/20000] loss: 77.9813 grad_norm: 680.16
2025-10-26 15:35:03,491: Val [6500] PER: 0.7776 loss: 82.4013
2025-10-26 15:35:03,491:   t15.2023.08.13: PER=0.7640
2025-10-26 15:35:03,491:   t15.2023.09.03: PER=0.7815
2025-10-26 15:35:03,491:   t15.2023.10.13: PER=0.8107
2025-10-26 15:35:03,491:   t15.2023.11.17: PER=0.7263
2025-10-26 15:35:03,491: New best PER: 0.7802 -> 0.7776
2025-10-26 15:35:04,877: Saved checkpoint: ./outputs/best.pt
2025-10-26 15:35:52,232: Train [6600/20000] loss: 76.8282 grad_norm: 406.84
2025-10-26 15:36:40,296: Train [6700/20000] loss: 71.6367 grad_norm: 1932.64
2025-10-26 15:38:02,821: Train [6800/20000] loss: 63.8041 grad_norm: 282.22
2025-10-26 15:38:51,530: Train [6900/20000] loss: 78.1225 grad_norm: 521.17
2025-10-26 15:40:05,320: Train [7000/20000] loss: 71.1412 grad_norm: 335.81
2025-10-26 15:40:07,765: Val [7000] PER: 0.7693 loss: 82.3228
2025-10-26 15:40:07,766:   t15.2023.08.13: PER=0.7723
2025-10-26 15:40:07,766:   t15.2023.09.03: PER=0.7625
2025-10-26 15:40:07,766:   t15.2023.10.13: PER=0.7975
2025-10-26 15:40:07,766:   t15.2023.11.17: PER=0.7170
2025-10-26 15:40:07,766: New best PER: 0.7776 -> 0.7693
2025-10-26 15:40:08,995: Saved checkpoint: ./outputs/best.pt
2025-10-26 15:41:30,190: Train [7100/20000] loss: 73.8319 grad_norm: 985.97
2025-10-26 15:42:18,100: Train [7200/20000] loss: 75.6403 grad_norm: 953.28
2025-10-26 15:43:05,779: Train [7300/20000] loss: 75.3841 grad_norm: 914.56
2025-10-26 15:43:52,399: Train [7400/20000] loss: 73.4761 grad_norm: 2391.26
2025-10-26 15:45:15,055: Train [7500/20000] loss: 72.8425 grad_norm: 8891.53
2025-10-26 15:45:17,075: Val [7500] PER: 0.7639 loss: 82.4520
2025-10-26 15:45:17,076:   t15.2023.08.13: PER=0.7661
2025-10-26 15:45:17,076:   t15.2023.09.03: PER=0.7589
2025-10-26 15:45:17,076:   t15.2023.10.13: PER=0.7905
2025-10-26 15:45:17,076:   t15.2023.11.17: PER=0.7138
2025-10-26 15:45:17,076: New best PER: 0.7693 -> 0.7639
2025-10-26 15:45:18,460: Saved checkpoint: ./outputs/best.pt
2025-10-26 15:46:06,777: Train [7600/20000] loss: 80.4893 grad_norm: 2164.54
2025-10-26 15:46:54,410: Train [7700/20000] loss: 79.0465 grad_norm: 1914.89
2025-10-26 15:47:42,309: Train [7800/20000] loss: 72.1795 grad_norm: 2302.34
2025-10-26 15:48:55,157: Train [7900/20000] loss: 76.8997 grad_norm: 8259.77
2025-10-26 15:50:20,256: Train [8000/20000] loss: 79.4370 grad_norm: 32822.42
2025-10-26 15:50:22,845: Val [8000] PER: 0.7714 loss: 81.7611
2025-10-26 15:50:22,845:   t15.2023.08.13: PER=0.7786
2025-10-26 15:50:22,845:   t15.2023.09.03: PER=0.7708
2025-10-26 15:50:22,845:   t15.2023.10.13: PER=0.7797
2025-10-26 15:50:22,845:   t15.2023.11.17: PER=0.7449
2025-10-26 15:51:13,277: Train [8100/20000] loss: 67.5621 grad_norm: 5162.22
2025-10-26 15:52:00,874: Train [8200/20000] loss: 68.1784 grad_norm: 2318.01
2025-10-26 15:52:48,188: Train [8300/20000] loss: 75.8791 grad_norm: 21614.60
2025-10-26 15:53:36,329: Train [8400/20000] loss: 82.0200 grad_norm: 505678.44
2025-10-26 15:54:24,032: Train [8500/20000] loss: 81.0619 grad_norm: 837238.19
2025-10-26 15:54:24,873: Val [8500] PER: 0.7685 loss: 82.2651
2025-10-26 15:54:24,874:   t15.2023.08.13: PER=0.7661
2025-10-26 15:54:24,874:   t15.2023.09.03: PER=0.7648
2025-10-26 15:54:24,874:   t15.2023.10.13: PER=0.7983
2025-10-26 15:54:24,874:   t15.2023.11.17: PER=0.7170
2025-10-26 15:55:12,761: Train [8600/20000] loss: 70.8444 grad_norm: 5969.48
2025-10-26 15:56:00,117: Train [8700/20000] loss: 74.8084 grad_norm: 279064.09
Traceback (most recent call last):
  File "/mnt/dv/wid/projects3/Rogers-nsf-ind-diff/zihan/BuckyBrain_Brain2Text_MLM25/scripts/train_neural_decoder.py", line 127, in <module>
    main()
  File "/mnt/dv/wid/projects3/Rogers-nsf-ind-diff/zihan/BuckyBrain_Brain2Text_MLM25/scripts/train_neural_decoder.py", line 123, in main
    trainer.train()
  File "/mnt/dv/wid/projects3/Rogers-nsf-ind-diff/zihan/BuckyBrain_Brain2Text_MLM25/nn_model/trainer.py", line 417, in train
    grad_norm = torch.nn.utils.clip_grad_norm_(
  File "/mnt/dv/wid/projects3/Rogers-nsf-ind-diff/zihan/brain2text/b2txt25/lib/python3.10/site-packages/torch/nn/utils/clip_grad.py", line 43, in _no_grad_wrapper
    return func(*args, **kwargs)
  File "/mnt/dv/wid/projects3/Rogers-nsf-ind-diff/zihan/brain2text/b2txt25/lib/python3.10/site-packages/torch/nn/utils/clip_grad.py", line 231, in clip_grad_norm_
    total_norm = _get_total_norm(grads, norm_type, error_if_nonfinite, foreach)
  File "/mnt/dv/wid/projects3/Rogers-nsf-ind-diff/zihan/brain2text/b2txt25/lib/python3.10/site-packages/torch/nn/utils/clip_grad.py", line 43, in _no_grad_wrapper
    return func(*args, **kwargs)
  File "/mnt/dv/wid/projects3/Rogers-nsf-ind-diff/zihan/brain2text/b2txt25/lib/python3.10/site-packages/torch/nn/utils/clip_grad.py", line 111, in _get_total_norm
    raise RuntimeError(
RuntimeError: The total norm of order 2.0 for gradients from `parameters` is non-finite, so it cannot be clipped. To disable this error and scale the gradients by the non-finite norm anyway, set `error_if_nonfinite=False`
